2026-04-29 12:16:42.780 [d1d89a0a] c.o.s.s.logging.aspect.LoggingAspect - ==> LoanController#getSystemStatus 실행 시작 - 매개변수: []
2026-04-29 12:16:42.782 [d1d89a0a] c.o.s.s.logging.aspect.LoggingAspect - <== LoanController#getSystemStatus 실행 완료 - 반환값: <200 OK OK,{timestamp=2026-04-29T12:16:42.782213100, message=대출 시스템이 정상적으로 동작 중입니다., status=HEALTHY},[]>
2026-04-29 12:20:27.570 [0cf15e45] c.o.s.s.logging.aspect.LoggingAspect - ==> LoanController#getSystemStatus 실행 시작 - 매개변수: []
2026-04-29 12:20:27.570 [0cf15e45] c.o.s.s.logging.aspect.LoggingAspect - <== LoanController#getSystemStatus 실행 완료 - 반환값: <200 OK OK,{timestamp=2026-04-29T12:20:27.570127800, message=대출 시스템이 정상적으로 동작 중입니다., status=HEALTHY},[]>
2026-04-29 12:20:27.734 [9878cb42] c.o.s.s.logging.aspect.LoggingAspect - ==> LoanController#createLoan 실행 시작 - 매개변수: [1, 1]
2026-04-29 12:20:27.734 [9878cb42] c.o.s.s.logging.aspect.LoggingAspect - 비즈니스 이벤트 시작 - 작업: createLoan, 매개변수: [1, 1]
2026-04-29 12:20:27.735 [9878cb42] c.o.s.s.logging.aspect.LoggingAspect - ==> LoanService#createLoan 실행 시작 - 매개변수: [1, 1]
2026-04-29 12:20:27.758 [9878cb42] c.o.s.s.logging.aspect.LoggingAspect - <== LoanService#createLoan 실행 완료 - 반환값: LoanDTO{loanId=1, memberId=1, memberName='김도서', bookId=1, bookTitle='Spring Boot 완벽 가이드', bookIsbn='9781234567890', loanDate=2026-04-29T12:20:27.756598200, dueDate=2026-05-13T12:20:27.756598200, returnDate=null, status=ACTIVE, overdueDays=0, fineAmount=0}
2026-04-29 12:20:27.761 [9878cb42] c.o.s.s.logging.aspect.LoggingAspect - LoanService#createLoan 실행 시간: 26ms
2026-04-29 12:20:27.762 [9878cb42] c.o.s.s.logging.aspect.LoggingAspect - 비즈니스 이벤트 성공 - 작업: createLoan, 결과: LoanDTO{loanId=1, memberId=1, memberName='김도서', bookId=1, bookTitle='Spring Boot 완벽 가이드', bookIsbn='9781234567890', loanDate=2026-04-29T12:20:27.756598200, dueDate=2026-05-13T12:20:27.756598200, returnDate=null, status=ACTIVE, overdueDays=0, fineAmount=0}
2026-04-29 12:20:27.763 [9878cb42] c.o.s.s.logging.aspect.LoggingAspect - <== LoanController#createLoan 실행 완료 - 반환값: <201 CREATED Created,LoanDTO{loanId=1, memberId=1, memberName='김도서', bookId=1, bookTitle='Spring Boot 완벽 가이드', bookIsbn='9781234567890', loanDate=2026-04-29T12:20:27.756598200, dueDate=2026-05-13T12:20:27.756598200, returnDate=null, status=ACTIVE, overdueDays=0, fineAmount=0},[]>
2026-04-29 12:20:27.799 [41c30ee2] c.o.s.s.logging.aspect.LoggingAspect - ==> LoanController#createLoan 실행 시작 - 매개변수: [1, 2]
2026-04-29 12:20:27.800 [41c30ee2] c.o.s.s.logging.aspect.LoggingAspect - 비즈니스 이벤트 시작 - 작업: createLoan, 매개변수: [1, 2]
2026-04-29 12:20:27.800 [41c30ee2] c.o.s.s.logging.aspect.LoggingAspect - ==> LoanService#createLoan 실행 시작 - 매개변수: [1, 2]
2026-04-29 12:20:27.805 [41c30ee2] c.o.s.s.logging.aspect.LoggingAspect - <== LoanService#createLoan 실행 완료 - 반환값: LoanDTO{loanId=2, memberId=1, memberName='김도서', bookId=2, bookTitle='Java 프로그래밍 입문', bookIsbn='9780987654321', loanDate=2026-04-29T12:20:27.803539400, dueDate=2026-05-13T12:20:27.803539400, returnDate=null, status=ACTIVE, overdueDays=0, fineAmount=0}
2026-04-29 12:20:27.805 [41c30ee2] c.o.s.s.logging.aspect.LoggingAspect - LoanService#createLoan 실행 시간: 5ms
2026-04-29 12:20:27.805 [41c30ee2] c.o.s.s.logging.aspect.LoggingAspect - 비즈니스 이벤트 성공 - 작업: createLoan, 결과: LoanDTO{loanId=2, memberId=1, memberName='김도서', bookId=2, bookTitle='Java 프로그래밍 입문', bookIsbn='9780987654321', loanDate=2026-04-29T12:20:27.803539400, dueDate=2026-05-13T12:20:27.803539400, returnDate=null, status=ACTIVE, overdueDays=0, fineAmount=0}
2026-04-29 12:20:27.806 [41c30ee2] c.o.s.s.logging.aspect.LoggingAspect - <== LoanController#createLoan 실행 완료 - 반환값: <201 CREATED Created,LoanDTO{loanId=2, memberId=1, memberName='김도서', bookId=2, bookTitle='Java 프로그래밍 입문', bookIsbn='9780987654321', loanDate=2026-04-29T12:20:27.803539400, dueDate=2026-05-13T12:20:27.803539400, returnDate=null, status=ACTIVE, overdueDays=0, fineAmount=0},[]>
2026-04-29 12:20:27.825 [e01b1ab4] c.o.s.s.logging.aspect.LoggingAspect - ==> LoanController#getLoansByMember 실행 시작 - 매개변수: [1]
2026-04-29 12:20:27.826 [e01b1ab4] c.o.s.s.logging.aspect.LoggingAspect - ==> LoanService#findLoansByMember 실행 시작 - 매개변수: [1]
2026-04-29 12:20:27.835 [e01b1ab4] c.o.s.s.logging.aspect.LoggingAspect - <== LoanService#findLoansByMember 실행 완료 - 반환값: [LoanDTO{loanId=1, memberId=1, memberName='김도서', bookId=1, bookTitle='Spring Boot 완벽 가이드', bookIsbn='9781234567890', loanDate=2026-04-29T12:20:27.756598, dueDate=2026-05-13T12:20:27.756598, returnDate=null, status=ACTIVE, overdueDays=0, fineAmount=0}, LoanDTO{loanId=2, memberId=1, memberName='김도서', bookId=2, bookTitle='Java 프로그래밍 입문', bookIsbn='9780987654321', loanDate=2026-04-29T12:20:27.803539, dueDate=2026-05-13T12:20:27.803539, returnDate=null, status=ACTIVE, overdueDays=0, fineAmount=0}]
2026-04-29 12:20:27.835 [e01b1ab4] c.o.s.s.logging.aspect.LoggingAspect - LoanService#findLoansByMember 실행 시간: 9ms
2026-04-29 12:20:27.835 [e01b1ab4] c.o.s.s.logging.aspect.LoggingAspect - <== LoanController#getLoansByMember 실행 완료 - 반환값: <200 OK OK,[LoanDTO{loanId=1, memberId=1, memberName='김도서', bookId=1, bookTitle='Spring Boot 완벽 가이드', bookIsbn='9781234567890', loanDate=2026-04-29T12:20:27.756598, dueDate=2026-05-13T12:20:27.756598, returnDate=null, status=ACTIVE, overdueDays=0, fineAmount=0}, LoanDTO{loanId=2, memberId=1, memberName='김도서', bookId=2, bookTitle='Java 프로그래밍 입문', bookIsbn='9780987654321', loanDate=2026-04-29T12:20:27.803539, dueDate=2026-05-13T12:20:27.803539, returnDate=null, status=ACTIVE, overdueDays=0, fineAmount=0}],[]>
2026-04-29 12:20:27.860 [ada9d9a2] c.o.s.s.logging.aspect.LoggingAspect - ==> LoanController#extendLoan 실행 시작 - 매개변수: [1, 7]
2026-04-29 12:20:27.861 [ada9d9a2] c.o.s.s.logging.aspect.LoggingAspect - 비즈니스 이벤트 시작 - 작업: extendLoan, 매개변수: [1, 7]
2026-04-29 12:20:27.861 [ada9d9a2] c.o.s.s.logging.aspect.LoggingAspect - ==> LoanService#extendLoan 실행 시작 - 매개변수: [1, 7]
2026-04-29 12:20:27.865 [ada9d9a2] c.o.s.s.logging.aspect.LoggingAspect - <== LoanService#extendLoan 실행 완료 - 반환값: LoanDTO{loanId=1, memberId=1, memberName='김도서', bookId=1, bookTitle='Spring Boot 완벽 가이드', bookIsbn='9781234567890', loanDate=2026-04-29T12:20:27.756598, dueDate=2026-05-20T12:20:27.756598, returnDate=null, status=ACTIVE, overdueDays=0, fineAmount=0}
2026-04-29 12:20:27.865 [ada9d9a2] c.o.s.s.logging.aspect.LoggingAspect - LoanService#extendLoan 실행 시간: 4ms
2026-04-29 12:20:27.865 [ada9d9a2] c.o.s.s.logging.aspect.LoggingAspect - 비즈니스 이벤트 성공 - 작업: extendLoan, 결과: LoanDTO{loanId=1, memberId=1, memberName='김도서', bookId=1, bookTitle='Spring Boot 완벽 가이드', bookIsbn='9781234567890', loanDate=2026-04-29T12:20:27.756598, dueDate=2026-05-20T12:20:27.756598, returnDate=null, status=ACTIVE, overdueDays=0, fineAmount=0}
2026-04-29 12:20:27.866 [ada9d9a2] c.o.s.s.logging.aspect.LoggingAspect - <== LoanController#extendLoan 실행 완료 - 반환값: <200 OK OK,LoanDTO{loanId=1, memberId=1, memberName='김도서', bookId=1, bookTitle='Spring Boot 완벽 가이드', bookIsbn='9781234567890', loanDate=2026-04-29T12:20:27.756598, dueDate=2026-05-20T12:20:27.756598, returnDate=null, status=ACTIVE, overdueDays=0, fineAmount=0},[]>
2026-04-29 12:20:27.888 [3bca64a1] c.o.s.s.logging.aspect.LoggingAspect - ==> LoanController#returnBook 실행 시작 - 매개변수: [1]
2026-04-29 12:20:27.888 [3bca64a1] c.o.s.s.logging.aspect.LoggingAspect - 비즈니스 이벤트 시작 - 작업: returnBook, 매개변수: [1]
2026-04-29 12:20:27.888 [3bca64a1] c.o.s.s.logging.aspect.LoggingAspect - ==> LoanService#returnBook 실행 시작 - 매개변수: [1]
2026-04-29 12:20:27.891 [3bca64a1] c.o.s.s.logging.aspect.LoggingAspect - <== LoanService#returnBook 실행 완료 - 반환값: LoanDTO{loanId=1, memberId=1, memberName='김도서', bookId=1, bookTitle='Spring Boot 완벽 가이드', bookIsbn='9781234567890', loanDate=2026-04-29T12:20:27.756598, dueDate=2026-05-20T12:20:27.756598, returnDate=2026-04-29T12:20:27.890150300, status=RETURNED, overdueDays=0, fineAmount=0}
2026-04-29 12:20:27.891 [3bca64a1] c.o.s.s.logging.aspect.LoggingAspect - LoanService#returnBook 실행 시간: 3ms
2026-04-29 12:20:27.891 [3bca64a1] c.o.s.s.logging.aspect.LoggingAspect - 비즈니스 이벤트 성공 - 작업: returnBook, 결과: LoanDTO{loanId=1, memberId=1, memberName='김도서', bookId=1, bookTitle='Spring Boot 완벽 가이드', bookIsbn='9781234567890', loanDate=2026-04-29T12:20:27.756598, dueDate=2026-05-20T12:20:27.756598, returnDate=2026-04-29T12:20:27.890150300, status=RETURNED, overdueDays=0, fineAmount=0}
2026-04-29 12:20:27.892 [3bca64a1] c.o.s.s.logging.aspect.LoggingAspect - <== LoanController#returnBook 실행 완료 - 반환값: <200 OK OK,LoanDTO{loanId=1, memberId=1, memberName='김도서', bookId=1, bookTitle='Spring Boot 완벽 가이드', bookIsbn='9781234567890', loanDate=2026-04-29T12:20:27.756598, dueDate=2026-05-20T12:20:27.756598, returnDate=2026-04-29T12:20:27.890150300, status=RETURNED, overdueDays=0, fineAmount=0},[]>
2026-04-29 12:20:27.916 [dfd6ae7c] c.o.s.s.logging.aspect.LoggingAspect - ==> LoanController#getOverdueLoans 실행 시작 - 매개변수: []
2026-04-29 12:20:27.917 [dfd6ae7c] c.o.s.s.logging.aspect.LoggingAspect - ==> LoanService#findOverdueLoans 실행 시작 - 매개변수: []
2026-04-29 12:20:27.920 [dfd6ae7c] c.o.s.s.logging.aspect.LoggingAspect - <== LoanService#findOverdueLoans 실행 완료 - 반환값: []
2026-04-29 12:20:27.920 [dfd6ae7c] c.o.s.s.logging.aspect.LoggingAspect - LoanService#findOverdueLoans 실행 시간: 3ms
2026-04-29 12:20:27.920 [dfd6ae7c] c.o.s.s.logging.aspect.LoggingAspect - <== LoanController#getOverdueLoans 실행 완료 - 반환값: <200 OK OK,[],[]>
2026-04-29 12:20:27.942 [b9e4d3f8] c.o.s.s.logging.aspect.LoggingAspect - ==> LoanController#processOverdueLoans 실행 시작 - 매개변수: []
2026-04-29 12:20:27.943 [b9e4d3f8] c.o.s.s.logging.aspect.LoggingAspect - ==> LoanService#processOverdueLoans 실행 시작 - 매개변수: []
2026-04-29 12:20:27.944 [b9e4d3f8] c.o.s.s.logging.aspect.LoggingAspect - <== LoanService#processOverdueLoans 실행 완료 - 반환값: 0
2026-04-29 12:20:27.944 [b9e4d3f8] c.o.s.s.logging.aspect.LoggingAspect - LoanService#processOverdueLoans 실행 시간: 2ms
2026-04-29 12:20:27.944 [b9e4d3f8] c.o.s.s.logging.aspect.LoggingAspect - <== LoanController#processOverdueLoans 실행 완료 - 반환값: <200 OK OK,{processedCount=0, message=연체 대출 일괄 처리가 완료되었습니다.},[]>
2026-04-29 12:20:27.968 [62988761] c.o.s.s.logging.aspect.LoggingAspect - ==> LoanController#testLogging 실행 시작 - 매개변수: [debug, 디버그 로그 테스트입니다]
2026-04-29 12:20:27.968 [62988761] c.o.s.s.logging.aspect.LoggingAspect - <== LoanController#testLogging 실행 완료 - 반환값: <200 OK OK,{message=디버그 로그 테스트입니다, level=debug, result=로깅 테스트가 완료되었습니다.},[]>
2026-04-29 12:20:27.991 [8bdecfc7] c.o.s.s.logging.aspect.LoggingAspect - ==> LoanController#testLogging 실행 시작 - 매개변수: [info, 정보 로그 테스트입니다]
2026-04-29 12:20:27.991 [8bdecfc7] c.o.s.s.logging.aspect.LoggingAspect - <== LoanController#testLogging 실행 완료 - 반환값: <200 OK OK,{message=정보 로그 테스트입니다, level=info, result=로깅 테스트가 완료되었습니다.},[]>
2026-04-29 12:20:28.029 [b206d3a0] c.o.s.s.logging.aspect.LoggingAspect - ==> LoanController#testLogging 실행 시작 - 매개변수: [warn, 경고 로그 테스트입니다]
2026-04-29 12:20:28.029 [b206d3a0] c.o.s.s.logging.aspect.LoggingAspect - <== LoanController#testLogging 실행 완료 - 반환값: <200 OK OK,{message=경고 로그 테스트입니다, level=warn, result=로깅 테스트가 완료되었습니다.},[]>
2026-04-29 12:20:28.050 [500f52bb] c.o.s.s.logging.aspect.LoggingAspect - ==> LoanController#testLogging 실행 시작 - 매개변수: [error, 에러 로그 테스트입니다]
2026-04-29 12:20:28.051 [500f52bb] c.o.s.s.logging.aspect.LoggingAspect - <== LoanController#testLogging 실행 완료 - 반환값: <200 OK OK,{message=에러 로그 테스트입니다, level=error, result=로깅 테스트가 완료되었습니다.},[]>
2026-04-29 12:20:28.072 [602997f4] c.o.s.s.logging.aspect.LoggingAspect - ==> LoanController#createLoan 실행 시작 - 매개변수: [999, 1]
2026-04-29 12:20:28.073 [602997f4] c.o.s.s.logging.aspect.LoggingAspect - 비즈니스 이벤트 시작 - 작업: createLoan, 매개변수: [999, 1]
2026-04-29 12:20:28.073 [602997f4] c.o.s.s.logging.aspect.LoggingAspect - ==> LoanService#createLoan 실행 시작 - 매개변수: [999, 1]
2026-04-29 12:20:28.073 [602997f4] c.o.s.s.logging.aspect.LoggingAspect - !!! LoanService#createLoan 실행 중 예외 발생 - 예외: IllegalArgumentException, 메시지: 존재하지 않는 회원입니다: 999
2026-04-29 12:20:28.074 [602997f4] c.o.s.s.logging.aspect.LoggingAspect - LoanService#createLoan 실행 실패 - 실행 시간: 1ms, 예외: 존재하지 않는 회원입니다: 999
2026-04-29 12:20:28.074 [602997f4] c.o.s.s.logging.aspect.LoggingAspect - 비즈니스 이벤트 실패 - 작업: createLoan, 예외: IllegalArgumentException, 메시지: 존재하지 않는 회원입니다: 999
2026-04-29 12:20:28.074 [602997f4] c.o.s.s.logging.aspect.LoggingAspect - !!! LoanController#createLoan 실행 중 예외 발생 - 예외: IllegalArgumentException, 메시지: 존재하지 않는 회원입니다: 999
2026-04-29 12:20:28.106 [d70dffcd] c.o.s.s.logging.aspect.LoggingAspect - ==> LoanController#createLoan 실행 시작 - 매개변수: [1, 999]
2026-04-29 12:20:28.107 [d70dffcd] c.o.s.s.logging.aspect.LoggingAspect - 비즈니스 이벤트 시작 - 작업: createLoan, 매개변수: [1, 999]
2026-04-29 12:20:28.107 [d70dffcd] c.o.s.s.logging.aspect.LoggingAspect - ==> LoanService#createLoan 실행 시작 - 매개변수: [1, 999]
2026-04-29 12:20:28.109 [d70dffcd] c.o.s.s.logging.aspect.LoggingAspect - !!! LoanService#createLoan 실행 중 예외 발생 - 예외: BookNotFoundException, 메시지: 해당 ID의 도서를 찾을 수 없습니다: 999
2026-04-29 12:20:28.109 [d70dffcd] c.o.s.s.logging.aspect.LoggingAspect - LoanService#createLoan 실행 실패 - 실행 시간: 2ms, 예외: 해당 ID의 도서를 찾을 수 없습니다: 999
2026-04-29 12:20:28.109 [d70dffcd] c.o.s.s.logging.aspect.LoggingAspect - 비즈니스 이벤트 실패 - 작업: createLoan, 예외: BookNotFoundException, 메시지: 해당 ID의 도서를 찾을 수 없습니다: 999
2026-04-29 12:20:28.109 [d70dffcd] c.o.s.s.logging.aspect.LoggingAspect - !!! LoanController#createLoan 실행 중 예외 발생 - 예외: BookNotFoundException, 메시지: 해당 ID의 도서를 찾을 수 없습니다: 999
2026-04-29 12:20:28.128 [4eb4c2ac] c.o.s.s.logging.aspect.LoggingAspect - ==> LoanController#returnBook 실행 시작 - 매개변수: [1]
2026-04-29 12:20:28.129 [4eb4c2ac] c.o.s.s.logging.aspect.LoggingAspect - 비즈니스 이벤트 시작 - 작업: returnBook, 매개변수: [1]
2026-04-29 12:20:28.129 [4eb4c2ac] c.o.s.s.logging.aspect.LoggingAspect - ==> LoanService#returnBook 실행 시작 - 매개변수: [1]
2026-04-29 12:20:28.131 [4eb4c2ac] c.o.s.s.logging.aspect.LoggingAspect - !!! LoanService#returnBook 실행 중 예외 발생 - 예외: IllegalArgumentException, 메시지: 이미 반납된 도서입니다: 1
2026-04-29 12:20:28.131 [4eb4c2ac] c.o.s.s.logging.aspect.LoggingAspect - LoanService#returnBook 실행 실패 - 실행 시간: 2ms, 예외: 이미 반납된 도서입니다: 1
2026-04-29 12:20:28.131 [4eb4c2ac] c.o.s.s.logging.aspect.LoggingAspect - 비즈니스 이벤트 실패 - 작업: returnBook, 예외: IllegalArgumentException, 메시지: 이미 반납된 도서입니다: 1
2026-04-29 12:20:28.131 [4eb4c2ac] c.o.s.s.logging.aspect.LoggingAspect - !!! LoanController#returnBook 실행 중 예외 발생 - 예외: IllegalArgumentException, 메시지: 이미 반납된 도서입니다: 1
2026-04-29 12:20:28.158 [23b7243b] c.o.s.s.logging.aspect.LoggingAspect - ==> LoanController#extendLoan 실행 시작 - 매개변수: [2, 30]
2026-04-29 12:20:28.158 [23b7243b] c.o.s.s.logging.aspect.LoggingAspect - 비즈니스 이벤트 시작 - 작업: extendLoan, 매개변수: [2, 30]
2026-04-29 12:20:28.158 [23b7243b] c.o.s.s.logging.aspect.LoggingAspect - ==> LoanService#extendLoan 실행 시작 - 매개변수: [2, 30]
2026-04-29 12:20:28.160 [23b7243b] c.o.s.s.logging.aspect.LoggingAspect - !!! LoanService#extendLoan 실행 중 예외 발생 - 예외: IllegalArgumentException, 메시지: 연장 일수는 1일 이상 14일 이하여야 합니다: 30
2026-04-29 12:20:28.160 [23b7243b] c.o.s.s.logging.aspect.LoggingAspect - LoanService#extendLoan 실행 실패 - 실행 시간: 2ms, 예외: 연장 일수는 1일 이상 14일 이하여야 합니다: 30
2026-04-29 12:20:28.160 [23b7243b] c.o.s.s.logging.aspect.LoggingAspect - 비즈니스 이벤트 실패 - 작업: extendLoan, 예외: IllegalArgumentException, 메시지: 연장 일수는 1일 이상 14일 이하여야 합니다: 30
2026-04-29 12:20:28.160 [23b7243b] c.o.s.s.logging.aspect.LoggingAspect - !!! LoanController#extendLoan 실행 중 예외 발생 - 예외: IllegalArgumentException, 메시지: 연장 일수는 1일 이상 14일 이하여야 합니다: 30
2026-04-29 12:20:28.183 [87aa4f0e] c.o.s.s.logging.aspect.LoggingAspect - ==> LoanController#getLoansByMember 실행 시작 - 매개변수: [1]
2026-04-29 12:20:28.183 [87aa4f0e] c.o.s.s.logging.aspect.LoggingAspect - ==> LoanService#findLoansByMember 실행 시작 - 매개변수: [1]
2026-04-29 12:20:28.187 [87aa4f0e] c.o.s.s.logging.aspect.LoggingAspect - <== LoanService#findLoansByMember 실행 완료 - 반환값: [LoanDTO{loanId=1, memberId=1, memberName='김도서', bookId=1, bookTitle='Spring Boot 완벽 가이드', bookIsbn='9781234567890', loanDate=2026-04-29T12:20:27.756598, dueDate=2026-05-20T12:20:27.756598, returnDate=2026-04-29T12:20:27.890150, status=RETURNED, overdueDays=0, fineAmount=0}, LoanDTO{loanId=2, memberId=1, memberName='김도서', bookId=2, bookTitle='Java 프로그래밍 입문', bookIsbn='9780987654321', loanDate=2026-04-29T12:20:27.803539, dueDate=2026-05-13T12:20:27.803539, returnDate=null, status=ACTIVE, overdueDays=0, fineAmount=0}]
2026-04-29 12:20:28.187 [87aa4f0e] c.o.s.s.logging.aspect.LoggingAspect - LoanService#findLoansByMember 실행 시간: 4ms
2026-04-29 12:20:28.188 [87aa4f0e] c.o.s.s.logging.aspect.LoggingAspect - <== LoanController#getLoansByMember 실행 완료 - 반환값: <200 OK OK,[LoanDTO{loanId=1, memberId=1, memberName='김도서', bookId=1, bookTitle='Spring Boot 완벽 가이드', bookIsbn='9781234567890', loanDate=2026-04-29T12:20:27.756598, dueDate=2026-05-20T12:20:27.756598, returnDate=2026-04-29T12:20:27.890150, status=RETURNED, overdueDays=0, fineAmount=0}, LoanDTO{loanId=2, memberId=1, memberName='김도서', bookId=2, bookTitle='Java 프로그래밍 입문', bookIsbn='9780987654321', loanDate=2026-04-29T12:20:27.803539, dueDate=2026-05-13T12:20:27.803539, returnDate=null, status=ACTIVE, overdueDays=0, fineAmount=0}],[]>
2026-04-29 12:20:28.208 [2a246455] c.o.s.s.logging.aspect.LoggingAspect - ==> LoanController#getSystemStatus 실행 시작 - 매개변수: []
2026-04-29 12:20:28.208 [2a246455] c.o.s.s.logging.aspect.LoggingAspect - <== LoanController#getSystemStatus 실행 완료 - 반환값: <200 OK OK,{timestamp=2026-04-29T12:20:28.208405800, message=대출 시스템이 정상적으로 동작 중입니다., status=HEALTHY},[]>
